main.c:59:6:display7SEG	16	static
main.c:105:6:update7SEG	8	static
main.c:146:6:updateClockBuffer	4	static
main.c:171:6:setTimer0	16	static
main.c:175:6:setTimer1	16	static
main.c:180:6:setTimer2	16	static
main.c:185:6:setTimer3	16	static
main.c:190:6:timer_run	4	static
main.c:215:6:updateMatrixBuffer	48	static
main.c:228:6:setRowPin	4	static
main.c:237:6:updateLEDMatrix	8	static
main.c:344:5:main	8	static
main.c:430:6:SystemClock_Config	72	static
main.c:466:13:MX_TIM2_Init	32	static
main.c:511:13:MX_GPIO_Init	32	static
main.c:566:6:HAL_TIM_PeriodElapsedCallback	16	static
main.c:575:6:Error_Handler	4	static,ignoring_inline_asm
